[2026-05-23T22:31:20.398Z] GET https://www.rishabjaink.com/stuff → 200 (401ms, 42245B)
[2026-05-23T22:31:20.811Z] GET https://www.rishabjaink.com/_next/static/chunks/88e7c4d33d71ae1e.css?dpl=dpl_8vfWkAdkJEqcTCiH9unLCFRYkj6B → 200 (20ms, 76077B)
[2026-05-23T22:31:20.811Z] GET https://www.rishabjaink.com/_next/static/chunks/64df69c561e455b4.js?dpl=dpl_8vfWkAdkJEqcTCiH9unLCFRYkj6B → 200 (26ms, 2529B)
[2026-05-23T22:31:20.811Z] GET https://www.rishabjaink.com/_next/static/chunks/75e2f2ab60399c39.js?dpl=dpl_8vfWkAdkJEqcTCiH9unLCFRYkj6B → 200 (31ms, 30277B)
[2026-05-23T22:31:20.815Z] GET https://www.rishabjaink.com/_next/static/chunks/3e200bca904262de.js?dpl=dpl_8vfWkAdkJEqcTCiH9unLCFRYkj6B → 200 (32ms, 110916B)
[2026-05-23T22:31:20.815Z] GET https://www.rishabjaink.com/_next/static/chunks/249261e921aeebba.js?dpl=dpl_8vfWkAdkJEqcTCiH9unLCFRYkj6B → 200 (67ms, 223561B)
[2026-05-23T22:31:20.815Z] GET https://www.rishabjaink.com/_next/static/chunks/5cedbe3d28acc407.js?dpl=dpl_8vfWkAdkJEqcTCiH9unLCFRYkj6B → 200 (67ms, 32858B)
[2026-05-23T22:31:20.815Z] GET https://www.rishabjaink.com/_next/static/chunks/turbopack-0158577edfd8c758.js?dpl=dpl_8vfWkAdkJEqcTCiH9unLCFRYkj6B → 200 (56ms, 10725B)
[2026-05-23T22:31:20.815Z] GET https://www.rishabjaink.com/_next/static/chunks/42ce5b45b5e320f6.js?dpl=dpl_8vfWkAdkJEqcTCiH9unLCFRYkj6B → 200 (67ms, 48006B)
[2026-05-23T22:31:20.815Z] GET https://www.rishabjaink.com/_next/static/chunks/ff1a16fafef87110.js?dpl=dpl_8vfWkAdkJEqcTCiH9unLCFRYkj6B → 200 (22ms, 282B)
[2026-05-23T22:31:20.815Z] GET https://www.rishabjaink.com/_next/static/chunks/7340adf74ff47ec0.js?dpl=dpl_8vfWkAdkJEqcTCiH9unLCFRYkj6B → 200 (44ms, 30717B)
[2026-05-23T22:31:20.815Z] GET https://www.googletagmanager.com/gtag/js?id=G-WP70LCX0QW → pending (?ms, ?B)
[2026-05-23T22:31:20.837Z] GET https://fonts.googleapis.com/css2?family=JetBrains+Mono:wght@400;500;600&display=swap → pending (?ms, ?B)
[2026-05-23T22:31:21.210Z] GET https://fonts.gstatic.com/s/jetbrainsmono/v24/tDbv2o-flEEny0FZhsfKu5WU4zr3E_BX0PnT8RD8yKwBNntkaToggR7BYRbKPxDcwgknk-4.woff2 → 200 (360ms, 31340B)
[2026-05-23T22:31:21.210Z] GET https://www.rishabjaink.com/boat.svg?dpl=dpl_8vfWkAdkJEqcTCiH9unLCFRYkj6B → 200 (38ms, 1207B)
[2026-05-23T22:31:21.268Z] POST https://www.rishabjaink.com/api/views → 200 (172ms, 15B)
[2026-05-23T22:31:21.313Z] GET https://www.rishabjaink.com/contact?_rsc=183tn → 200 (32ms, 512B)
[2026-05-23T22:31:21.313Z] GET https://www.rishabjaink.com/stuff?_rsc=183tn → 200 (28ms, 508B)
[2026-05-23T22:31:21.313Z] GET https://www.rishabjaink.com/projects?_rsc=183tn → 200 (23ms, 514B)
[2026-05-23T22:31:21.313Z] GET https://www.rishabjaink.com/investing?_rsc=183tn → 200 (23ms, 516B)
[2026-05-23T22:31:21.337Z] GET https://www.rishabjaink.com/essays?_rsc=183tn → 200 (24ms, 510B)
[2026-05-23T22:31:21.337Z] GET https://www.rishabjaink.com/?_rsc=183tn → 200 (34ms, 386B)
[2026-05-23T22:31:21.341Z] GET https://www.rishabjaink.com/stuff?_rsc=mdocg → 200 (26ms, 2361B)
[2026-05-23T22:31:21.341Z] GET https://www.rishabjaink.com/stuff?_rsc=4h6mw → 200 (22ms, 2888B)
[2026-05-23T22:31:21.362Z] GET https://www.rishabjaink.com/contact?_rsc=mdocg → 200 (43ms, 2376B)
[2026-05-23T22:31:21.363Z] GET https://www.rishabjaink.com/contact?_rsc=1nncj → 200 (42ms, 580B)
[2026-05-23T22:31:21.367Z] GET https://www.rishabjaink.com/contact?_rsc=12acq → 200 (36ms, 1125B)
[2026-05-23T22:31:21.371Z] GET https://www.rishabjaink.com/stuff?_rsc=plb0b → 200 (34ms, 580B)
[2026-05-23T22:31:21.404Z] GET https://www.rishabjaink.com/_next/static/chunks/49e141d753646ba1.js?dpl=dpl_8vfWkAdkJEqcTCiH9unLCFRYkj6B → 200 (32ms, 4341B)
[2026-05-23T22:31:21.404Z] GET https://www.rishabjaink.com/stuff?_rsc=1b5x7 → 200 (32ms, 15305B)
[2026-05-23T22:31:21.405Z] GET https://www.rishabjaink.com/projects?_rsc=mdocg → 200 (31ms, 2376B)
[2026-05-23T22:31:21.406Z] GET https://www.rishabjaink.com/projects?_rsc=oku5v → 200 (30ms, 580B)
[2026-05-23T22:31:21.406Z] GET https://www.rishabjaink.com/projects?_rsc=p1t6q → 200 (30ms, 1125B)
[2026-05-23T22:31:21.435Z] POST https://www.google-analytics.com/g/collect?v=2&tid=G-WP70LCX0QW&gtm=45je65l0h2v9244225937za200zd9244225937&_p=1779575481265&gcd=13l3l3l3l1l1&npa=0&dma=0&are=1&cid=843006201.1779575481&frm=0&pscdl=noapi&rcb=4&sr=1280x720&uaa=arm&uab=64&uafvl=Not%253AA-Brand%3B99.0.0.0%7CHeadlessChrome%3B145.0.7632.6%7CChromium%3B145.0.7632.6&uam=&uamb=0&uap=macOS&uapv=26.3.1&uaw=0&ul=en-us&_s=1&tag_exp=0~115938465~115938468&sid=1779575481&sct=1&seg=0&dl=https%3A%2F%2Fwww.rishabjaink.com%2Fstuff&dt=Stuff%20%7C%20Rishab%20Jain%20%7C%20Rishab%20Jain&en=page_view&_fv=1&_nsi=1&_ss=1&_ee=1&tfd=1037 → 204 (322ms, ?B)
[2026-05-23T22:31:21.437Z] GET https://www.rishabjaink.com/investing?_rsc=mdocg → 200 (26ms, 2353B)
[2026-05-23T22:31:21.438Z] GET https://www.rishabjaink.com/investing?_rsc=1nv6e → 200 (127ms, 580B)
[2026-05-23T22:31:21.439Z] GET https://www.rishabjaink.com/_next/static/chunks/78d9266f20dc08c8.js?dpl=dpl_8vfWkAdkJEqcTCiH9unLCFRYkj6B → 200 (31ms, 11495B)
[2026-05-23T22:31:21.439Z] GET https://www.rishabjaink.com/investing?_rsc=13f41 → 200 (29ms, 4882B)
[2026-05-23T22:31:21.439Z] GET https://www.rishabjaink.com/essays?_rsc=mdocg → 200 (24ms, 2382B)
[2026-05-23T22:31:21.463Z] GET https://www.rishabjaink.com/essays?_rsc=1103j → 200 (101ms, 580B)
[2026-05-23T22:31:21.463Z] GET https://www.rishabjaink.com/essays?_rsc=10x00 → 200 (102ms, 125116B)
[2026-05-23T22:31:21.469Z] GET https://www.rishabjaink.com/?_rsc=mdocg → 200 (96ms, 2376B)
[2026-05-23T22:31:21.564Z] GET https://www.rishabjaink.com/?_rsc=9h3bo → 200 (25ms, 6760B)
[2026-05-23T22:31:21.565Z] GET https://www.rishabjaink.com/_next/static/chunks/928c8ea497a6de03.js?dpl=dpl_8vfWkAdkJEqcTCiH9unLCFRYkj6B → 200 (191ms, 5506B)
[2026-05-23T22:31:21.615Z] GET https://www.rishabjaink.com/_next/static/chunks/384691096e6ecf6a.js?dpl=dpl_8vfWkAdkJEqcTCiH9unLCFRYkj6B → 200 (24ms, 2127B)
[2026-05-23T22:31:21.615Z] GET https://www.rishabjaink.com/_next/static/chunks/b18069554bf07222.js?dpl=dpl_8vfWkAdkJEqcTCiH9unLCFRYkj6B → 200 (32ms, 126326B)
